------------------------------------------------------------
Timing Analyzer Summary
------------------------------------------------------------

Type  : Slow 1200mV 85C Model Setup 'iLCDgenerator|iLCDpll|altpll_component|auto_generated|pll1|clk[0]'
Slack : 12.371
TNS   : 0.000

Type  : Slow 1200mV 85C Model Hold 'iLCDgenerator|iLCDpll|altpll_component|auto_generated|pll1|clk[0]'
Slack : 0.457
TNS   : 0.000

Type  : Slow 1200mV 85C Model Minimum Pulse Width 'CLOCK_50'
Slack : 9.819
TNS   : 0.000

Type  : Slow 1200mV 85C Model Minimum Pulse Width 'iLCDgenerator|iLCDpll|altpll_component|auto_generated|pll1|clk[0]'
Slack : 14.860
TNS   : 0.000

Type  : Slow 1200mV 85C Model Minimum Pulse Width 'LCD_DCLK'
Slack : 26.093
TNS   : 0.000

Type  : Slow 1200mV 0C Model Setup 'iLCDgenerator|iLCDpll|altpll_component|auto_generated|pll1|clk[0]'
Slack : 12.663
TNS   : 0.000

Type  : Slow 1200mV 0C Model Hold 'iLCDgenerator|iLCDpll|altpll_component|auto_generated|pll1|clk[0]'
Slack : 0.414
TNS   : 0.000

Type  : Slow 1200mV 0C Model Minimum Pulse Width 'CLOCK_50'
Slack : 9.799
TNS   : 0.000

Type  : Slow 1200mV 0C Model Minimum Pulse Width 'iLCDgenerator|iLCDpll|altpll_component|auto_generated|pll1|clk[0]'
Slack : 14.862
TNS   : 0.000

Type  : Slow 1200mV 0C Model Minimum Pulse Width 'LCD_DCLK'
Slack : 26.093
TNS   : 0.000

Type  : Fast 1200mV 0C Model Setup 'iLCDgenerator|iLCDpll|altpll_component|auto_generated|pll1|clk[0]'
Slack : 13.699
TNS   : 0.000

Type  : Fast 1200mV 0C Model Hold 'iLCDgenerator|iLCDpll|altpll_component|auto_generated|pll1|clk[0]'
Slack : 0.204
TNS   : 0.000

Type  : Fast 1200mV 0C Model Minimum Pulse Width 'CLOCK_50'
Slack : 9.400
TNS   : 0.000

Type  : Fast 1200mV 0C Model Minimum Pulse Width 'iLCDgenerator|iLCDpll|altpll_component|auto_generated|pll1|clk[0]'
Slack : 14.902
TNS   : 0.000

Type  : Fast 1200mV 0C Model Minimum Pulse Width 'LCD_DCLK'
Slack : 26.303
TNS   : 0.000

------------------------------------------------------------
